VCD info: dumpfile dump.vcd opened for output.
running iteration: bit in: 0
bit out: 1
running iteration: bit in: 0
bit out: 1
running iteration: bit in: 0
bit out: 1
running iteration: bit in: 0
bit out: 1
running iteration: bit in: 0
bit out: 1
running iteration: bit in: 0
bit out: 0
running iteration: bit in: 0
bit out: 0
running iteration: bit in: 0
bit out: 0
running iteration: bit in: 0
bit out: 0
running iteration: bit in: 0
bit out: 1
running iteration: bit in: 0
bit out: 1
running iteration: bit in: 0
bit out: 1
running iteration: bit in: 0
bit out: 1
running iteration: bit in: 0
bit out: 1
running iteration: bit in: 0
bit out: 1
running iteration: bit in: 0
bit out: 0
running iteration: bit in: 0
bit out: 0
running iteration: bit in: 0
bit out: 1
running iteration: bit in: 0
bit out: 1
running iteration: bit in: 0
bit out: 1
running iteration: bit in: 0
bit out: 1
running iteration: bit in: 0
bit out: 0
running iteration: bit in: 0
bit out: 0
running iteration: bit in: 0
bit out: 1
running iteration: bit in: 0
bit out: 1
running iteration: bit in: 0
bit out: 1
running iteration: bit in: 0
bit out: 1
running iteration: bit in: 0
bit out: 1
running iteration: bit in: 0
bit out: 1
running iteration: bit in: 0
bit out: 1
running iteration: bit in: 0
bit out: 1
running iteration: bit in: 0
bit out: 1
running iteration: bit in: 0
bit out: 1
running iteration: bit in: 0
bit out: 0
running iteration: bit in: 0
bit out: 0
running iteration: bit in: 0
bit out: 0
running iteration: bit in: 0
bit out: 0
running iteration: bit in: 0
bit out: 0
running iteration: bit in: 0
bit out: 0
running iteration: bit in: 0
bit out: 0
running iteration: bit in: 0
bit out: 0
running iteration: bit in: 0
bit out: 0
running iteration: bit in: 0
bit out: 0
running iteration: bit in: 0
bit out: 0
running iteration: bit in: 0
bit out: 0
running iteration: bit in: 0
bit out: 0
running iteration: bit in: 0
bit out: 0
running iteration: bit in: 0
bit out: 0
running iteration: bit in: 0
bit out: 0
running iteration: bit in: 0
bit out: 1
running iteration: bit in: 0
bit out: 1
running iteration: bit in: 0
bit out: 0
running iteration: bit in: 0
bit out: 0
running iteration: bit in: 0
bit out: 1
running iteration: bit in: 0
bit out: 1
running iteration: bit in: 0
bit out: 0
running iteration: bit in: 0
bit out: 0
running iteration: bit in: 0
bit out: 0
running iteration: bit in: 0
bit out: 0
running iteration: bit in: 0
bit out: 1
running iteration: bit in: 0
bit out: 1
running iteration: bit in: 0
bit out: 0
running iteration: bit in: 0
bit out: 0
running iteration: bit in: 0
bit out: 0
running iteration: bit in: 0
bit out: 0
running iteration: bit in: 0
bit out: 1
running iteration: bit in: 0
bit out: 1
running iteration: bit in: 0
bit out: 1
running iteration: bit in: 0
bit out: 1
running iteration: bit in: 0
bit out: 0
running iteration: bit in: 0
bit out: 0
running iteration: bit in: 0
bit out: 1
running iteration: bit in: 0
bit out: 1
running iteration: bit in: 0
bit out: 0
running iteration: bit in: 0
bit out: 0
running iteration: bit in: 0
bit out: 0
running iteration: bit in: 0
bit out: 0
running iteration: bit in: 0
bit out: 1
running iteration: bit in: 0
bit out: 1
running iteration: bit in: 0
bit out: 1
running iteration: bit in: 0
bit out: 1
running iteration: bit in: 0
bit out: 1
running iteration: bit in: 0
bit out: 1
running iteration: bit in: 0
bit out: 0
running iteration: bit in: 0
bit out: 0
running iteration: bit in: 0
bit out: 0
running iteration: bit in: 0
bit out: 0
running iteration: bit in: 0
bit out: 1
running iteration: bit in: 0
bit out: 1
running iteration: bit in: 0
bit out: 0
running iteration: bit in: 0
bit out: 0
running iteration: bit in: 0
bit out: 0
running iteration: bit in: 0
bit out: 0
running iteration: bit in: 0
bit out: 1
running iteration: bit in: 0
bit out: 1
running iteration: bit in: 0
bit out: 1
running iteration: bit in: 0
bit out: 1
running iteration: bit in: 0
bit out: 1
running iteration: bit in: 0
bit out: 1
running iteration: bit in: 0
bit out: 0
running iteration: bit in: 0
bit out: 0
running iteration: bit in: 0
bit out: 1
running iteration: bit in: 0
bit out: 1
running iteration: bit in: 0
bit out: 0
running iteration: bit in: 0
bit out: 0
running iteration: bit in: 0
bit out: 1
running iteration: bit in: 0
bit out: 1
running iteration: bit in: 0
bit out: 0
running iteration: bit in: 0
bit out: 0
running iteration: bit in: 0
bit out: 0
running iteration: bit in: 0
bit out: 0
running iteration: bit in: 0
bit out: 0
running iteration: bit in: 0
bit out: 0
running iteration: bit in: 0
bit out: 1
0x8_0667_e187_e19e_1866_0001_ff9e_7e1f
